// Vitest Snapshot v1, https://vitest.dev/guide/snapshot.html

exports[`<MyCounter /> > should match snapshot 1`] = `
"<section data-v-0352012b="">
  <h3 data-v-0352012b="">Counter: 50</h3>
  <h3 data-v-0352012b="" data-testid="square-label">Square: 2500</h3>
</section>
<div data-v-0352012b=""><button data-v-0352012b="" class="btn">+1</button><button data-v-0352012b="" class="btn">-1</button></div>"
`;
